2026-08-30 21:17:54 [DEBUG] Looking for locale `en_US` in provider `faker.providers.address`.
2026-08-30 21:17:54 [DEBUG] Provider `faker.providers.address` has been localized to `en_US`.
2026-08-30 21:17:54 [DEBUG] Looking for locale `en_US` in provider `faker.providers.automotive`.
2026-08-30 21:17:54 [DEBUG] Provider `faker.providers.automotive` has been localized to `en_US`.
2026-08-30 21:17:54 [DEBUG] Looking for locale `en_US` in provider `faker.providers.bank`.
2026-08-30 21:17:54 [DEBUG] Specified locale `en_US` is not available for provider `faker.providers.bank`. Locale reset to `en_GB` for this provider.
2026-08-30 21:17:54 [DEBUG] Looking for locale `en_US` in provider `faker.providers.barcode`.
2026-08-30 21:17:54 [DEBUG] Provider `faker.providers.barcode` has been localized to `en_US`.
2026-08-30 21:17:54 [DEBUG] Looking for locale `en_US` in provider `faker.providers.color`.
2026-08-30 21:17:54 [DEBUG] Provider `faker.providers.color` has been localized to `en_US`.
2026-08-30 21:17:54 [DEBUG] Looking for locale `en_US` in provider `faker.providers.company`.
2026-08-30 21:17:54 [DEBUG] Provider `faker.providers.company` has been localized to `en_US`.
2026-08-30 21:17:54 [DEBUG] Looking for locale `en_US` in provider `faker.providers.credit_card`.
2026-08-30 21:17:54 [DEBUG] Provider `faker.providers.credit_card` has been localized to `en_US`.
2026-08-30 21:17:54 [DEBUG] Looking for locale `en_US` in provider `faker.providers.currency`.
2026-08-30 21:17:54 [DEBUG] Provider `faker.providers.currency` has been localized to `en_US`.
2026-08-30 21:17:54 [DEBUG] Looking for locale `en_US` in provider `faker.providers.date_time`.
2026-08-30 21:17:54 [DEBUG] Provider `faker.providers.date_time` has been localized to `en_US`.
2026-08-30 21:17:54 [DEBUG] Provider `faker.providers.doi` does not feature localization. Specified locale `en_US` is not used for this provider.
2026-08-30 21:17:54 [DEBUG] Provider `faker.providers.emoji` does not feature localization. Specified locale `en_US` is not used for this provider.
2026-08-30 21:17:54 [DEBUG] Provider `faker.providers.file` does not feature localization. Specified locale `en_US` is not used for this provider.
2026-08-30 21:17:54 [DEBUG] Looking for locale `en_US` in provider `faker.providers.geo`.
2026-08-30 21:17:54 [DEBUG] Provider `faker.providers.geo` has been localized to `en_US`.
2026-08-30 21:17:54 [DEBUG] Looking for locale `en_US` in provider `faker.providers.internet`.
2026-08-30 21:17:54 [DEBUG] Provider `faker.providers.internet` has been localized to `en_US`.
2026-08-30 21:17:54 [DEBUG] Looking for locale `en_US` in provider `faker.providers.isbn`.
2026-08-30 21:17:54 [DEBUG] Provider `faker.providers.isbn` has been localized to `en_US`.
2026-08-30 21:17:54 [DEBUG] Looking for locale `en_US` in provider `faker.providers.job`.
2026-08-30 21:17:54 [DEBUG] Provider `faker.providers.job` has been localized to `en_US`.
2026-08-30 21:17:54 [DEBUG] Looking for locale `en_US` in provider `faker.providers.lorem`.
2026-08-30 21:17:54 [DEBUG] Provider `faker.providers.lorem` has been localized to `en_US`.
2026-08-30 21:17:54 [DEBUG] Looking for locale `en_US` in provider `faker.providers.misc`.
2026-08-30 21:17:54 [DEBUG] Provider `faker.providers.misc` has been localized to `en_US`.
2026-08-30 21:17:54 [DEBUG] Looking for locale `en_US` in provider `faker.providers.passport`.
2026-08-30 21:17:54 [DEBUG] Provider `faker.providers.passport` has been localized to `en_US`.
2026-08-30 21:17:54 [DEBUG] Looking for locale `en_US` in provider `faker.providers.person`.
2026-08-30 21:17:54 [DEBUG] Provider `faker.providers.person` has been localized to `en_US`.
2026-08-30 21:17:54 [DEBUG] Looking for locale `en_US` in provider `faker.providers.phone_number`.
2026-08-30 21:17:54 [DEBUG] Provider `faker.providers.phone_number` has been localized to `en_US`.
2026-08-30 21:17:54 [DEBUG] Provider `faker.providers.profile` does not feature localization. Specified locale `en_US` is not used for this provider.
2026-08-30 21:17:54 [DEBUG] Provider `faker.providers.python` does not feature localization. Specified locale `en_US` is not used for this provider.
2026-08-30 21:17:54 [DEBUG] Provider `faker.providers.sbn` does not feature localization. Specified locale `en_US` is not used for this provider.
2026-08-30 21:17:54 [DEBUG] Looking for locale `en_US` in provider `faker.providers.ssn`.
2026-08-30 21:17:54 [DEBUG] Provider `faker.providers.ssn` has been localized to `en_US`.
2026-08-30 21:17:54 [DEBUG] Provider `faker.providers.user_agent` does not feature localization. Specified locale `en_US` is not used for this provider.
2026-08-30 21:18:01 [DEBUG] Starting new HTTPS connection (1): qwallity-prod.onrender.com:443
2026-08-30 21:18:04 [DEBUG] https://qwallity-prod.onrender.com:443 "POST /register/api HTTP/1.1" 201 None
2026-08-30 21:18:04 [DEBUG] Register response: 201 {"message":"User is created","user_id":446391067}

2026-08-30 21:18:04 [INFO] User registered successfully: varmstrong
2026-08-30 21:18:04 [DEBUG] Starting new HTTPS connection (1): qwallity-prod.onrender.com:443
2026-08-30 21:18:07 [DEBUG] https://qwallity-prod.onrender.com:443 "POST /login/api HTTP/1.1" 200 None
2026-08-30 21:18:07 [INFO] Login successful.
2026-08-30 21:18:07 [DEBUG] Starting new HTTPS connection (1): qwallity-prod.onrender.com:443
2026-08-30 21:18:08 [DEBUG] https://qwallity-prod.onrender.com:443 "GET /balance/balance_api HTTP/1.1" 200 None
2026-08-30 21:18:08 [DEBUG] Starting new HTTPS connection (1): qwallity-prod.onrender.com:443
2026-08-30 21:18:10 [DEBUG] https://qwallity-prod.onrender.com:443 "POST /add_account_balance/payment_api HTTP/1.1" 200 None
2026-08-30 21:18:10 [INFO] Balance added successfully: 80
2026-08-30 21:18:10 [DEBUG] Starting new HTTPS connection (1): qwallity-prod.onrender.com:443
2026-08-30 21:18:11 [DEBUG] https://qwallity-prod.onrender.com:443 "GET /balance/balance_api HTTP/1.1" 200 None
2026-08-30 21:18:11 [INFO] Balance check passed: 180
2026-08-30 21:19:08 [DEBUG] Looking for locale `en_US` in provider `faker.providers.address`.
2026-08-30 21:19:08 [DEBUG] Provider `faker.providers.address` has been localized to `en_US`.
2026-08-30 21:19:08 [DEBUG] Looking for locale `en_US` in provider `faker.providers.automotive`.
2026-08-30 21:19:08 [DEBUG] Provider `faker.providers.automotive` has been localized to `en_US`.
2026-08-30 21:19:08 [DEBUG] Looking for locale `en_US` in provider `faker.providers.bank`.
2026-08-30 21:19:08 [DEBUG] Specified locale `en_US` is not available for provider `faker.providers.bank`. Locale reset to `en_GB` for this provider.
2026-08-30 21:19:08 [DEBUG] Looking for locale `en_US` in provider `faker.providers.barcode`.
2026-08-30 21:19:08 [DEBUG] Provider `faker.providers.barcode` has been localized to `en_US`.
2026-08-30 21:19:08 [DEBUG] Looking for locale `en_US` in provider `faker.providers.color`.
2026-08-30 21:19:08 [DEBUG] Provider `faker.providers.color` has been localized to `en_US`.
2026-08-30 21:19:08 [DEBUG] Looking for locale `en_US` in provider `faker.providers.company`.
2026-08-30 21:19:08 [DEBUG] Provider `faker.providers.company` has been localized to `en_US`.
2026-08-30 21:19:08 [DEBUG] Looking for locale `en_US` in provider `faker.providers.credit_card`.
2026-08-30 21:19:08 [DEBUG] Provider `faker.providers.credit_card` has been localized to `en_US`.
2026-08-30 21:19:08 [DEBUG] Looking for locale `en_US` in provider `faker.providers.currency`.
2026-08-30 21:19:08 [DEBUG] Provider `faker.providers.currency` has been localized to `en_US`.
2026-08-30 21:19:08 [DEBUG] Looking for locale `en_US` in provider `faker.providers.date_time`.
2026-08-30 21:19:08 [DEBUG] Provider `faker.providers.date_time` has been localized to `en_US`.
2026-08-30 21:19:08 [DEBUG] Provider `faker.providers.doi` does not feature localization. Specified locale `en_US` is not used for this provider.
2026-08-30 21:19:08 [DEBUG] Provider `faker.providers.emoji` does not feature localization. Specified locale `en_US` is not used for this provider.
2026-08-30 21:19:08 [DEBUG] Provider `faker.providers.file` does not feature localization. Specified locale `en_US` is not used for this provider.
2026-08-30 21:19:08 [DEBUG] Looking for locale `en_US` in provider `faker.providers.geo`.
2026-08-30 21:19:08 [DEBUG] Provider `faker.providers.geo` has been localized to `en_US`.
2026-08-30 21:19:08 [DEBUG] Looking for locale `en_US` in provider `faker.providers.internet`.
2026-08-30 21:19:08 [DEBUG] Provider `faker.providers.internet` has been localized to `en_US`.
2026-08-30 21:19:08 [DEBUG] Looking for locale `en_US` in provider `faker.providers.isbn`.
2026-08-30 21:19:08 [DEBUG] Provider `faker.providers.isbn` has been localized to `en_US`.
2026-08-30 21:19:08 [DEBUG] Looking for locale `en_US` in provider `faker.providers.job`.
2026-08-30 21:19:08 [DEBUG] Provider `faker.providers.job` has been localized to `en_US`.
2026-08-30 21:19:08 [DEBUG] Looking for locale `en_US` in provider `faker.providers.lorem`.
2026-08-30 21:19:08 [DEBUG] Provider `faker.providers.lorem` has been localized to `en_US`.
2026-08-30 21:19:08 [DEBUG] Looking for locale `en_US` in provider `faker.providers.misc`.
2026-08-30 21:19:08 [DEBUG] Provider `faker.providers.misc` has been localized to `en_US`.
2026-08-30 21:19:08 [DEBUG] Looking for locale `en_US` in provider `faker.providers.passport`.
2026-08-30 21:19:08 [DEBUG] Provider `faker.providers.passport` has been localized to `en_US`.
2026-08-30 21:19:08 [DEBUG] Looking for locale `en_US` in provider `faker.providers.person`.
2026-08-30 21:19:08 [DEBUG] Provider `faker.providers.person` has been localized to `en_US`.
2026-08-30 21:19:08 [DEBUG] Looking for locale `en_US` in provider `faker.providers.phone_number`.
2026-08-30 21:19:08 [DEBUG] Provider `faker.providers.phone_number` has been localized to `en_US`.
2026-08-30 21:19:08 [DEBUG] Provider `faker.providers.profile` does not feature localization. Specified locale `en_US` is not used for this provider.
2026-08-30 21:19:08 [DEBUG] Provider `faker.providers.python` does not feature localization. Specified locale `en_US` is not used for this provider.
2026-08-30 21:19:08 [DEBUG] Provider `faker.providers.sbn` does not feature localization. Specified locale `en_US` is not used for this provider.
2026-08-30 21:19:08 [DEBUG] Looking for locale `en_US` in provider `faker.providers.ssn`.
2026-08-30 21:19:08 [DEBUG] Provider `faker.providers.ssn` has been localized to `en_US`.
2026-08-30 21:19:08 [DEBUG] Provider `faker.providers.user_agent` does not feature localization. Specified locale `en_US` is not used for this provider.
2026-08-30 21:19:08 [DEBUG] Starting new HTTPS connection (1): qwallity-prod.onrender.com:443
2026-08-30 21:19:10 [DEBUG] https://qwallity-prod.onrender.com:443 "POST /register/api HTTP/1.1" 201 None
2026-08-30 21:19:10 [DEBUG] Register response: 201 {"message":"User is created","user_id":446391068}

2026-08-30 21:19:10 [INFO] User registered successfully: williamsadam
2026-08-30 21:19:11 [DEBUG] Starting new HTTPS connection (1): qwallity-prod.onrender.com:443
2026-08-30 21:19:12 [DEBUG] https://qwallity-prod.onrender.com:443 "POST /login/api HTTP/1.1" 200 None
2026-08-30 21:19:12 [INFO] Login successful.
2026-08-30 21:19:12 [DEBUG] Starting new HTTPS connection (1): qwallity-prod.onrender.com:443
2026-08-30 21:19:12 [DEBUG] https://qwallity-prod.onrender.com:443 "GET /balance/balance_api HTTP/1.1" 200 None
2026-08-30 21:19:12 [DEBUG] Starting new HTTPS connection (1): qwallity-prod.onrender.com:443
2026-08-30 21:19:13 [DEBUG] https://qwallity-prod.onrender.com:443 "POST /add_account_balance/payment_api HTTP/1.1" 200 None
2026-08-30 21:19:13 [INFO] Balance added successfully: 163
2026-08-30 21:19:13 [DEBUG] Starting new HTTPS connection (1): qwallity-prod.onrender.com:443
2026-08-30 21:19:13 [DEBUG] https://qwallity-prod.onrender.com:443 "GET /balance/balance_api HTTP/1.1" 200 None
2026-08-30 21:19:13 [INFO] Balance check passed: 263
